// Jest Snapshot v1, https://goo.gl/fbAQLP

exports[`test bigQuery 1`] = `
Array [
  "初始化data:",
  "=================ql#tabQL=====================",
  "update:🔥",
  "=================ql#helloQL=====================",
  "update:🔥",
  "=================ql#nestQL=====================",
  "=================ql#tabQL=====================",
  "cache:😆",
  "update:🔥",
]
`;

exports[`test parseRL 1`] = `
Array [
  "初始化data:",
  "=================el#helloRL=====================",
  "helloRL#changed:🔥",
]
`;
